Test deployment trigger - 04/15/2025 02:25:44

<?xml version="1.0" encoding="UTF-8"?>
<testsuites>
  <testsuite name="DevOps Toolchain Tests" tests="3" failures="0" errors="0" skipped="0" time="1.234">
    <properties>
      <property name="github.sha" value="${{ github.sha }}"/>
      <property name="github.ref" value="${{ github.ref }}"/>
    </properties>
    <testcase classname="Infrastructure" name="GKE Cluster Setup" time="0.4">
      <system-out>GKE Cluster Setup completed successfully</system-out>
    </testcase>
    <testcase classname="CI/CD" name="docker Build" time="0.5">
      <system-out>Docker build completed successfully</system-out>
    </testcase>
    <testcase classname="Monitoring" name="Prometheus Setup" time="0.3">
      <system-out>Prometheus setup completed successfully</system-out>
    </testcase>
  </testsuite>
</testsuites>
